###############################################################################
#
# IAR ELF Linker V2.20.1.176 for STM8                     09/Feb/2017  23:11:48
# Copyright 2010-2015 IAR Systems AB.
#
#    Output file  =  
#        C:\Data\Low Cost Labs\Barun Gas Control\STM8
#        Firmware\Release\Exe\STMBLINK.out
#    Map file     =  
#        C:\Data\Low Cost Labs\Barun Gas Control\STM8
#        Firmware\Release\List\STMBLINK.map
#    Command line =  
#        "C:\Data\Low Cost Labs\Barun Gas Control\STM8
#        Firmware\Release\Obj\main.o" --redirect _Printf=_PrintfFullNoMb
#        --redirect _Scanf=_ScanfFullNoMb -o "C:\Data\Low Cost Labs\Barun Gas
#        Control\STM8 Firmware\Release\Exe\STMBLINK.out" --map "C:\Data\Low
#        Cost Labs\Barun Gas Control\STM8 Firmware\Release\List\STMBLINK.map"
#        --config "C:\Program Files (x86)\IAR Systems\Embedded Workbench
#        7.3\stm8\config\lnkstm8s003f3.icf" --config_def _CSTACK_SIZE=0x100
#        --config_def _HEAP_SIZE=0x100 --entry __iar_program_start
#
###############################################################################

*******************************************************************************
*** RUNTIME MODEL ATTRIBUTES
***

__SystemLibrary            = DLib
__code_model               = small
__core                     = stm8
__data_model               = medium
__dlib_file_descriptor     = 0
__dlib_full_locale_support = 0
__rt_version               = 4


*******************************************************************************
*** PLACEMENT SUMMARY
***

"A1":  place at start of [0x000000-0x0000ff] { rw section .vregs };
"A2":  place at end of [0x000000-0x0003ff] { block CSTACK };
"P2":  place in [from 0x000000 to 0x0003ff] {
          block HEAP, rw section __DLIB_PERTHREAD, rw section .far.bss,
          rw section .far.data, rw section .far.noinit,
          rw section .far_func.textrw, rw section .huge.bss,
          rw section .huge.data, rw section .huge.noinit,
          rw section .huge_func.textrw, rw section .iar.dynexit,
          rw section .near.bss, rw section .near.data, rw section .near.noinit,
          rw section .near_func.textrw };
"A3":  place at start of [0x008000-0x009fff] { block INTVEC };
"P3":  place in [from 0x008000 to 0x009fff] {
          ro section __DLIB_PERTHREAD_init, ro section .far.data_init,
          ro section .far_func.textrw_init, ro section .huge.data_init,
          ro section .huge_func.textrw_init, ro section .iar.init_table,
          ro section .init_array, ro section .near.data_init,
          ro section .near.rodata, ro section .near_func.text,
          ro section .near_func.textrw_init, ro section .tiny.data_init,
          ro section .tiny.rodata_init };

  Section          Kind      Address   Size  Object
  -------          ----      -------   ----  ------
"A1":                                   0xc
  .vregs           uninit   0x000000    0xc  vregs.o [4]
                          - 0x00000c    0xc

"P2":                                   0x9
  .near.bss        zero     0x00000c    0x2  main.o [1]
  .near.bss        zero     0x00000e    0x2  main.o [1]
  .near.bss        zero     0x000010    0x1  main.o [1]
  .near.bss        zero     0x000011    0x1  main.o [1]
  .near.bss        zero     0x000012    0x1  main.o [1]
  .near.bss        zero     0x000013    0x1  main.o [1]
  .near.bss        zero     0x000014    0x1  main.o [1]
                          - 0x000015    0x9

"A2":                                 0x100
  CSTACK                    0x000300  0x100  <Block>
    CSTACK         uninit   0x000300  0x100  <Block tail>
                          - 0x000400  0x100

Absolute sections, part 1 of 14:        0x1
  .near.noinit     uninit   0x005000    0x1  main.o [1]
                          - 0x005001    0x1

Absolute sections, part 2 of 14:        0x4
  .near.noinit     uninit   0x005002    0x1  main.o [1]
  .near.noinit     uninit   0x005003    0x1  main.o [1]
  .near.noinit     uninit   0x005004    0x1  main.o [1]
  .near.noinit     uninit   0x005005    0x1  main.o [1]
                          - 0x005006    0x4

Absolute sections, part 3 of 14:        0x1
  .near.noinit     uninit   0x005007    0x1  main.o [1]
                          - 0x005008    0x1

Absolute sections, part 4 of 14:        0x1
  .near.noinit     uninit   0x00500a    0x1  main.o [1]
                          - 0x00500b    0x1

Absolute sections, part 5 of 14:        0x4
  .near.noinit     uninit   0x00500c    0x1  main.o [1]
  .near.noinit     uninit   0x00500d    0x1  main.o [1]
  .near.noinit     uninit   0x00500e    0x1  main.o [1]
  .near.noinit     uninit   0x00500f    0x1  main.o [1]
                          - 0x005010    0x4

Absolute sections, part 6 of 14:        0x1
  .near.noinit     uninit   0x005011    0x1  main.o [1]
                          - 0x005012    0x1

Absolute sections, part 7 of 14:        0x2
  .near.noinit     uninit   0x0050c0    0x1  main.o [1]
  .near.noinit     uninit   0x0050c1    0x1  main.o [1]
                          - 0x0050c2    0x2

Absolute sections, part 8 of 14:        0x4
  .near.noinit     uninit   0x0050c4    0x1  main.o [1]
  .near.noinit     uninit   0x0050c5    0x1  main.o [1]
  .near.noinit     uninit   0x0050c6    0x1  main.o [1]
  .near.noinit     uninit   0x0050c7    0x1  main.o [1]
                          - 0x0050c8    0x4

Absolute sections, part 9 of 14:        0x2
  .near.noinit     uninit   0x0050c9    0x1  main.o [1]
  .near.noinit     uninit   0x0050ca    0x1  main.o [1]
                          - 0x0050cb    0x2

Absolute sections, part 10 of 14:       0x2
  .near.noinit     uninit   0x0050cc    0x1  main.o [1]
  .near.noinit     uninit   0x0050cd    0x1  main.o [1]
                          - 0x0050ce    0x2

Absolute sections, part 11 of 14:       0x1
  .near.noinit     uninit   0x005300    0x1  main.o [1]
                          - 0x005301    0x1

Absolute sections, part 12 of 14:       0x2
  .near.noinit     uninit   0x005303    0x1  main.o [1]
  .near.noinit     uninit   0x005304    0x1  main.o [1]
                          - 0x005305    0x2

Absolute sections, part 13 of 14:       0x3
  .near.noinit     uninit   0x00530e    0x1  main.o [1]
  .near.noinit     uninit   0x00530f    0x1  main.o [1]
  .near.noinit     uninit   0x005310    0x1  main.o [1]
                          - 0x005311    0x3

Absolute sections, part 14 of 14:       0x5
  .near.noinit     uninit   0x005400    0x1  main.o [1]
  .near.noinit     uninit   0x005401    0x1  main.o [1]
  .near.noinit     uninit   0x005402    0x1  main.o [1]
  .near.noinit     uninit   0x005403    0x1  main.o [1]
  .near.noinit     uninit   0x005404    0x1  main.o [1]
                          - 0x005405    0x5

"A3":                                  0x80
  INTVEC                    0x008000   0x80  <Block>
    .intvec        const    0x008000   0x80  interrupt.o [4]
                          - 0x008080   0x80

"P3":                                 0x310
  .near_func.text  ro code  0x008080   0xae  main.o [1]
  .near_func.text  ro code  0x00812e   0x78  main.o [1]
  .near_func.text  ro code  0x0081a6   0x47  main.o [1]
  .near_func.text  ro code  0x0081ed   0x3b  main.o [1]
  .near_func.text  ro code  0x008228   0x38  main.o [1]
  .near_func.text  ro code  0x008260   0x29  short.o [4]
  .iar.init_table  const    0x008289    0x8  - Linker created -
  .near_func.text  ro code  0x008291   0x1e  init_small.o [4]
  .near_func.text  ro code  0x0082af   0x1d  main.o [1]
  .near_func.text  ro code  0x0082cc   0x1b  main.o [1]
  .near_func.text  ro code  0x0082e7   0x17  init.o [4]
  .near_func.text  ro code  0x0082fe   0x15  main.o [1]
  .near_func.text  ro code  0x008313   0x13  cstartup.o [4]
  .near_func.text  ro code  0x008326    0xd  main.o [1]
  .near_func.text  ro code  0x008333    0xd  main.o [1]
  .near_func.text  ro code  0x008340    0xa  main.o [1]
  .near_func.text  ro code  0x00834a    0x9  main.o [1]
  .near_func.text  ro code  0x008353    0x9  main.o [1]
  .near_func.text  ro code  0x00835c    0x9  main.o [1]
  .near_func.text  ro code  0x008365    0x9  main.o [1]
  .near_func.text  ro code  0x00836e    0x7  main.o [1]
  .near_func.text  ro code  0x008375    0x5  cexit.o [4]
  .near_func.text  ro code  0x00837a    0x4  main.o [1]
  .near_func.text  ro code  0x00837e    0x4  main.o [1]
  .near_func.text  ro code  0x008382    0x3  interrupt.o [4]
  .near_func.text  ro code  0x008385    0x3  low_level_init.o [4]
  .near_func.text  ro code  0x008388    0x3  exit.o [4]
  .near_func.text  ro code  0x00838b    0x3  unhandled_exception.o [4]
  .near_func.text  ro code  0x00838e    0x2  xxexit.o [3]
                          - 0x008390  0x310


*******************************************************************************
*** INIT TABLE
***

          Address   Size
          -------   ----
Zero (__iar_zero_init2)
    1 destination range, total size 0x9:
          0x00000c   0x9



*******************************************************************************
*** MODULE SUMMARY
***

    Module                 ro code  ro data  rw data  rw data
                                                       (abs)
    ------                 -------  -------  -------  -------
C:\Data\Low Cost Labs\Barun Gas Control\STM8 Firmware\Release\Obj: [1]
    main.o                     644                 9       33
    ---------------------------------------------------------
    Total:                     644                 9       33

command line: [2]
    ---------------------------------------------------------
    Total:

dbgstm8smn.a: [3]
    xxexit.o                     2
    ---------------------------------------------------------
    Total:                       2

dlstm8smn.a: [4]
    cexit.o                      5
    cstartup.o                  19
    exit.o                       3
    init.o                      23
    init_small.o                30
    interrupt.o                  3      128
    low_level_init.o             3
    short.o                     41
    unhandled_exception.o        3
    vregs.o                                       12
    ---------------------------------------------------------
    Total:                     130      128       12

    Linker created                        8      256
-------------------------------------------------------------
    Grand Total:               776      136      277       33


*******************************************************************************
*** ENTRY LIST
***

Entry                    Address  Size  Type      Object
-----                    -------  ----  ----      ------
.iar.init_table$$Base   0x008289         --   Gb  - Linker created -
.iar.init_table$$Limit  0x008291         --   Gb  - Linker created -
?b0                     0x000000        Data  Gb  vregs.o [4]
?b1                     0x000001        Data  Gb  vregs.o [4]
?b10                    0x00000a        Data  Gb  vregs.o [4]
?b11                    0x00000b        Data  Gb  vregs.o [4]
?b2                     0x000002        Data  Gb  vregs.o [4]
?b3                     0x000003        Data  Gb  vregs.o [4]
?b4                     0x000004        Data  Gb  vregs.o [4]
?b5                     0x000005        Data  Gb  vregs.o [4]
?b6                     0x000006        Data  Gb  vregs.o [4]
?b7                     0x000007        Data  Gb  vregs.o [4]
?b8                     0x000008        Data  Gb  vregs.o [4]
?b9                     0x000009        Data  Gb  vregs.o [4]
?e0                     0x000001        Data  Gb  vregs.o [4]
?e1                     0x000005        Data  Gb  vregs.o [4]
?e2                     0x000009        Data  Gb  vregs.o [4]
?l0                     0x000000        Data  Gb  vregs.o [4]
?l1                     0x000004        Data  Gb  vregs.o [4]
?l2                     0x000008        Data  Gb  vregs.o [4]
?sdiv16_x_x_y           0x008260        Code  Gb  short.o [4]
?smod16_y_x_y           0x008279        Code  Gb  short.o [4]
?w0                     0x000000        Data  Gb  vregs.o [4]
?w1                     0x000002        Data  Gb  vregs.o [4]
?w2                     0x000004        Data  Gb  vregs.o [4]
?w3                     0x000006        Data  Gb  vregs.o [4]
?w4                     0x000008        Data  Gb  vregs.o [4]
?w5                     0x00000a        Data  Gb  vregs.o [4]
ADCRead                 0x000014   0x1  Data  Gb  main.o [1]
ADC_DRH                 0x005404   0x1  Data  Gb  main.o [1]
CLK_PCKENR1             0x0050c7   0x1  Data  Gb  main.o [1]
CLK_PCKENR2             0x0050ca   0x1  Data  Gb  main.o [1]
CLK_SWR                 0x0050c4   0x1  Data  Gb  main.o [1]
CSTACK$$Base            0x000300         --   Gb  - Linker created -
CSTACK$$Limit           0x000400         --   Gb  - Linker created -
Hundreds                0x000013   0x1  Data  Gb  main.o [1]
INTVEC$$Base            0x008000         --   Gb  - Linker created -
INTVEC$$Limit           0x008080         --   Gb  - Linker created -
InitialiseSystemClock   0x0081ed  0x3b  Code  Gb  main.o [1]
Region$$Table$$Base     0x008289         --   Gb  - Linker created -
Region$$Table$$Limit    0x008291         --   Gb  - Linker created -
SetupADC                0x0082cc  0x1b  Code  Gb  main.o [1]
TIM2_ARRH               0x00530f   0x1  Data  Gb  main.o [1]
TIM2_ARRL               0x005310   0x1  Data  Gb  main.o [1]
TIM2_UPD_OVF_IRQHandler
                        0x0082af  0x1d  Code  Gb  main.o [1]
Tens                    0x000012   0x1  Data  Gb  main.o [1]
Units                   0x000011   0x1  Data  Gb  main.o [1]
_A_ADC_CR1              0x005401   0x1  Data  Gb  main.o [1]
_A_ADC_CR2              0x005402   0x1  Data  Gb  main.o [1]
_A_ADC_CR3              0x005403   0x1  Data  Gb  main.o [1]
_A_ADC_CSR              0x005400   0x1  Data  Gb  main.o [1]
_A_CLK_CCOR             0x0050c9   0x1  Data  Gb  main.o [1]
_A_CLK_CKDIVR           0x0050c6   0x1  Data  Gb  main.o [1]
_A_CLK_ECKR             0x0050c1   0x1  Data  Gb  main.o [1]
_A_CLK_HSITRIMR         0x0050cc   0x1  Data  Gb  main.o [1]
_A_CLK_ICKR             0x0050c0   0x1  Data  Gb  main.o [1]
_A_CLK_SWCR             0x0050c5   0x1  Data  Gb  main.o [1]
_A_CLK_SWIMCCR          0x0050cd   0x1  Data  Gb  main.o [1]
_A_PA_CR1               0x005003   0x1  Data  Gb  main.o [1]
_A_PA_CR2               0x005004   0x1  Data  Gb  main.o [1]
_A_PA_DDR               0x005002   0x1  Data  Gb  main.o [1]
_A_PA_ODR               0x005000   0x1  Data  Gb  main.o [1]
_A_PB_DDR               0x005007   0x1  Data  Gb  main.o [1]
_A_PB_ODR               0x005005   0x1  Data  Gb  main.o [1]
_A_PC_CR1               0x00500d   0x1  Data  Gb  main.o [1]
_A_PC_CR2               0x00500e   0x1  Data  Gb  main.o [1]
_A_PC_DDR               0x00500c   0x1  Data  Gb  main.o [1]
_A_PC_ODR               0x00500a   0x1  Data  Gb  main.o [1]
_A_PD_DDR               0x005011   0x1  Data  Gb  main.o [1]
_A_PD_ODR               0x00500f   0x1  Data  Gb  main.o [1]
_A_TIM2_CR1             0x005300   0x1  Data  Gb  main.o [1]
_A_TIM2_IER             0x005303   0x1  Data  Gb  main.o [1]
_A_TIM2_PSCR            0x00530e   0x1  Data  Gb  main.o [1]
_A_TIM2_SR1             0x005304   0x1  Data  Gb  main.o [1]
__exit                  0x00838e   0x2  Code  Gb  xxexit.o [3]
__iar_data_init2        0x0082e7  0x17  Code  Gb  init.o [4]
__iar_program_start     0x008313        Code  Gb  cstartup.o [4]
__iar_unhandled_exception
                        0x00838b        Code  Gb  unhandled_exception.o [4]
__iar_zero_init2        0x008291        Code  Gb  init_small.o [4]
__intvec                0x008000        Data  Gb  interrupt.o [4]
__low_level_init        0x008385   0x3  Code  Gb  low_level_init.o [4]
_exit                   0x008375        Code  Gb  cexit.o [4]
_interrupt_15           0x0082af        Code  Gb  main.o [1]
displayDigit            0x008080  0xae  Code  Gb  main.o [1]
exit                    0x008388   0x3  Code  Gb  exit.o [4]
main                    0x008228  0x38  Code  Gb  main.o [1]
ms5Counter              0x000010   0x1  Data  Gb  main.o [1]
populateDisplay         0x00812e  0x78  Code  Gb  main.o [1]
seconds                 0x00000e   0x2  Data  Gb  main.o [1]
setupHardware           0x0081a6  0x47  Code  Gb  main.o [1]
tickCounter             0x00000c   0x2  Data  Gb  main.o [1]


[1] = C:\Data\Low Cost Labs\Barun Gas Control\STM8 Firmware\Release\Obj
[2] = command line
[3] = dbgstm8smn.a
[4] = dlstm8smn.a

  776 bytes of readonly  code memory
  136 bytes of readonly  data memory
  277 bytes of readwrite data memory (+ 33 absolute)

Errors: none
Warnings: none
