Microchip MPLAB XC8 Compiler V1.12 ()

Linker command line:

--edf=C:\Program Files (x86)\Microchip\xc8\v1.12\dat\en_msgs.txt -cs \
  -h+dist/default/production\GarageLightsXC8.X.production.sym -z -Q18F2480 \
  -ol.obj -Mdist/default/production/GarageLightsXC8.X.production.map -E1 \
  -ver=XC8 -ACODE=00h-03FFFh -ACONST=00h-03FFFh -ASMALLCONST=0300h-03FFhx61 \
  -AMEDIUMCONST=0300h-03FFFh -ACOMRAM=01h-05Fh -AABS1=00h-02FFh \
  -ABIGRAM=01h-02FFh -ARAM=060h-0FFh,0100h-01FFhx2 -ABANK0=060h-0FFh \
  -ABANK1=0100h-01FFh -ABANK2=0200h-02FFh \
  -ASFR=0D00h-0DFFhx2,0F00h-0F5Fh,0F60h-0FFFh \
  -preset_vec=00h,intcode=08h,intcodelo,powerup,init,end_init \
  -pramtop=0300h -psmallconst=SMALLCONST -pmediumconst=MEDIUMCONST \
  -pconst=CONST -AFARRAM=00h-00h -ACONFIG=0300000h-030000Dh -pconfig=CONFIG \
  -AIDLOC=0200000h-0200007h -pidloc=IDLOC -AEEDATA=0F00000h-0F000FFh \
  -peeprom_data=EEDATA \
  -prdata=COMRAM,nvrram=COMRAM,nvbit=COMRAM,rbss=COMRAM,rbit=COMRAM \
  -pfarbss=FARRAM,fardata=FARRAM \
  -pintsave_regs=BIGRAM,bigbss=BIGRAM,bigdata=BIGRAM -pbss=RAM \
  -pidata=CODE,irdata=CODE,ibigdata=CODE,ifardata=CODE \
  C:\Users\Simon\AppData\Local\Temp\s96g.obj \
  dist/default/production\GarageLightsXC8.X.production.obj 

Object code version is 3.10

Machine type is 18F2480

Call graph: (short form)




                Name                               Link     Load   Length Selector   Space Scale
C:\Users\Simon\AppData\Local\Temp\s96g.obj
                end_init                             18       18        4        4       0
                reset_vec                             0        0        4        0       0
                idloc                            200000   200000        8   200000       0
                config                           300000   300000        E   300000       0
dist/default/production\GarageLightsXC8.X.production.obj
                intcode                               8        8       10        4       0
                text6                               43E      43E       5C        4       0
                intcode_body                        1C4      1C4      138        4       0
                text4                               4DE      4DE       1E        4       0
                text3                               3CE      3CE       70        4       0
                text2                               2FC      2FC       D2        4       0
                text1                               49A      49A       44        4       0
                cstackCOMRAM                         24       24       23        1       1
                bssCOMRAM                             1        1       23        1       1
                cinit                               4FC      4FC       12        4       0
                text0                                1C       1C      1A8        4       0

TOTAL           Name                               Link     Load   Length     Space
        CLASS   CODE           
                end_init                             18       18        4         0
                intcode                               8        8       10         0
                reset_vec                             0        0        4         0
                text6                               43E      43E       5C         0
                intcode_body                        1C4      1C4      138         0
                text4                               4DE      4DE       1E         0
                text3                               3CE      3CE       70         0
                text2                               2FC      2FC       D2         0
                text1                               49A      49A       44         0
                cinit                               4FC      4FC       12         0
                text0                                1C       1C      1A8         0

        CLASS   CONST          

        CLASS   SMALLCONST     

        CLASS   MEDIUMCONST    

        CLASS   COMRAM         
                cstackCOMRAM                         24       24       23         1
                bssCOMRAM                             1        1       23         1

        CLASS   ABS1           

        CLASS   BIGRAM         

        CLASS   RAM            

        CLASS   BANK0          

        CLASS   BANK1          

        CLASS   BANK2          

        CLASS   SFR            

        CLASS   FARRAM         

        CLASS   CONFIG         
                config                           300000   300000        E         0

        CLASS   IDLOC          
                idloc                            200000   200000        8         0

        CLASS   EEDATA         



SEGMENTS        Name                           Load    Length   Top    Selector   Space  Class

                reset_vec                      000000  000004  000004         0       0  CODE    
                bssCOMRAM                      000001  000046  000047         1       1  COMRAM  
                intcode                        000008  000506  00050E         4       0  CODE    
                idloc                          200000  000008  200008    200000       0  IDLOC   
                config                         300000  00000E  30000E    300000       0  CONFIG  


UNUSED ADDRESS RANGES

        Name                Unused          Largest block    Delta
        BANK0            000060-0000FF               A0
        BANK1            000100-0001FF              100
        BANK2            000200-0002FF              100
        BIGRAM           000047-0002FF              2B9
        CODE             000004-000007                4
                         00050E-003FFF             3AF2
        COMRAM           000047-00005F               19
        CONST            000004-000007                4
                         00050E-003FFF             3AF2
        EEDATA           F00000-F000FF              100
        MEDIUMCONST      00050E-003FFF             3AF2
        RAM              000060-0002FF              100
        SFR              000D00-000FFF              100
        SMALLCONST       00050E-003FFF              100

                                  Symbol Table

?_OpenTimer2                 cstackCOMRAM 000039
?___lwmod                    cstackCOMRAM 000024
?_debounce                   cstackCOMRAM 000039
InitialiseGlobals@i          cstackCOMRAM 00003B
OpenTimer2@config            cstackCOMRAM 000039
_ADCON1                      (abs)        000FC1
_BUTTON1_COUNTER             bssCOMRAM    00001E
_BUTTON1_PREV                bssCOMRAM    000017
_BUTTON1_STATE               bssCOMRAM    00001F
_BUTTON2_COUNTER             bssCOMRAM    000020
_BUTTON2_PREV                bssCOMRAM    000018
_BUTTON2_STATE               bssCOMRAM    000021
_BUTTON3_COUNTER             bssCOMRAM    000022
_BUTTON3_PREV                bssCOMRAM    000019
_BUTTON3_STATE               bssCOMRAM    000023
_CMCON                       (abs)        000FB4
_DebounceCounters            bssCOMRAM    000011
_INTCON                      (abs)        000FF2
_IPR1                        (abs)        000F9F
_InitialiseGlobals           text2        0002FC
_InitialiseHardware          text1        00049A
_LoopCounter                 bssCOMRAM    00001A
_OSCCONbits                  (abs)        000FD3
_OUTPUTS                     bssCOMRAM    000001
_OpenTimer2                  text4        0004DE
_PIE1                        (abs)        000F9D
_PIE1bits                    (abs)        000F9D
_PIR1bits                    (abs)        000F9E
_PORTA                       (abs)        000F80
_PORTAbits                   (abs)        000F80
_PORTB                       (abs)        000F81
_PORTBbits                   (abs)        000F81
_PORTC                       (abs)        000F82
_PORTCbits                   (abs)        000F82
_PR2                         (abs)        000FCB
_T1s                         bssCOMRAM    00001B
_T2CON                       (abs)        000FCA
_T2CONbits                   (abs)        000FCA
_TIMERS                      bssCOMRAM    000009
_TMR2                        (abs)        000FCC
_TRISA                       (abs)        000F92
_TRISB                       (abs)        000F93
_TRISC                       (abs)        000F94
_Tms                         bssCOMRAM    000015
__CFG_BBSIZ$1024             (abs)        000000
__CFG_BOREN$BOHW             (abs)        000000
__CFG_BORV$3                 (abs)        000000
__CFG_CP0$OFF                (abs)        000000
__CFG_CP1$OFF                (abs)        000000
__CFG_CPB$OFF                (abs)        000000
__CFG_CPD$OFF                (abs)        000000
__CFG_EBTR0$OFF              (abs)        000000
__CFG_EBTR1$OFF              (abs)        000000
__CFG_EBTRB$OFF              (abs)        000000
__CFG_FCMEN$OFF              (abs)        000000
__CFG_IESO$OFF               (abs)        000000
__CFG_LPT1OSC$OFF            (abs)        000000
__CFG_LVP$OFF                (abs)        000000
__CFG_MCLRE$ON               (abs)        000000
__CFG_OSC$IRCIO67            (abs)        000000
__CFG_PBADEN$OFF             (abs)        000000
__CFG_PWRT$OFF               (abs)        000000
__CFG_STVREN$ON              (abs)        000000
__CFG_WDT$OFF                (abs)        000000
__CFG_WDTPS$32768            (abs)        000000
__CFG_WRT0$OFF               (abs)        000000
__CFG_WRT1$OFF               (abs)        000000
__CFG_WRTB$OFF               (abs)        000000
__CFG_WRTC$OFF               (abs)        000000
__CFG_WRTD$OFF               (abs)        000000
__CFG_XINST$OFF              (abs)        000000
__HRAM                       (abs)        000000
__Habs1                      abs1         000000
__Hbank0                     bank0        000000
__Hbank1                     bank1        000000
__Hbank2                     bank2        000000
__Hbigbss                    bigbss       000000
__Hbigdata                   bigdata      000000
__Hbigram                    bigram       000000
__Hbss                       bss          000000
__HbssCOMRAM                 bssCOMRAM    000000
__Hcinit                     cinit        000000
__Hclrtext                   clrtext      000000
__Hcomram                    comram       000000
__Hconfig                    config       30000E
__Hconst                     const        000000
__HcstackCOMRAM              cstackCOMRAM 000000
__Hdata                      data         000000
__Heeprom_data               eeprom_data  000000
__Hend_init                  end_init     00001C
__Hfarbss                    farbss       000000
__Hfardata                   fardata      000000
__Hibigdata                  ibigdata     000000
__Hidata                     idata        000000
__Hidloc                     idloc        200008
__Hifardata                  ifardata     000000
__Hinit                      init         000018
__Hintcode                   intcode      000018
__Hintcode_body              intcode_body 000000
__Hintcodelo                 intcodelo    000018
__Hintentry                  intentry     000000
__Hintret                    intret       000000
__Hintsave_regs              intsave_regs 000000
__Hirdata                    irdata       000000
__Hmediumconst               mediumconst  000000
__Hnvbit                     nvbit        000000
__Hnvrram                    nvrram       000000
__Hparam                     rparam       000000
__Hpowerup                   powerup      000018
__Hram                       ram          000000
__Hramtop                    ramtop       000300
__Hrbit                      rbit         000000
__Hrbss                      rbss         000000
__Hrdata                     rdata        000000
__Hreset_vec                 reset_vec    000004
__Hrparam                    rparam       000000
__Hsfr                       sfr          000000
__Hsmallconst                smallconst   000000
__Hstruct                    struct       000000
__Htemp                      temp         000000
__Htext                      text         000000
__Htext0                     text0        000000
__Htext1                     text1        000000
__Htext2                     text2        000000
__Htext3                     text3        000000
__Htext4                     text4        000000
__Htext6                     text6        000000
__Htext7                     text7        000000
__LRAM                       (abs)        000001
__Labs1                      abs1         000000
__Lbank0                     bank0        000000
__Lbank1                     bank1        000000
__Lbank2                     bank2        000000
__Lbigbss                    bigbss       000000
__Lbigdata                   bigdata      000000
__Lbigram                    bigram       000000
__Lbss                       bss          000000
__LbssCOMRAM                 bssCOMRAM    000000
__Lcinit                     cinit        000000
__Lclrtext                   clrtext      000000
__Lcomram                    comram       000000
__Lconfig                    config       300000
__Lconst                     const        000000
__LcstackCOMRAM              cstackCOMRAM 000000
__Ldata                      data         000000
__Leeprom_data               eeprom_data  000000
__Lend_init                  end_init     000018
__Lfarbss                    farbss       000000
__Lfardata                   fardata      000000
__Libigdata                  ibigdata     000000
__Lidata                     idata        000000
__Lidloc                     idloc        200000
__Lifardata                  ifardata     000000
__Linit                      init         000018
__Lintcode                   intcode      000008
__Lintcode_body              intcode_body 000000
__Lintcodelo                 intcodelo    000018
__Lintentry                  intentry     000000
__Lintret                    intret       000000
__Lintsave_regs              intsave_regs 000000
__Lirdata                    irdata       000000
__Lmediumconst               mediumconst  000000
__Lnvbit                     nvbit        000000
__Lnvrram                    nvrram       000000
__Lparam                     rparam       000000
__Lpowerup                   powerup      000018
__Lram                       ram          000000
__Lramtop                    ramtop       000300
__Lrbit                      rbit         000000
__Lrbss                      rbss         000000
__Lrdata                     rdata        000000
__Lreset_vec                 reset_vec    000000
__Lrparam                    rparam       000000
__Lsfr                       sfr          000000
__Lsmallconst                smallconst   000000
__Lstruct                    struct       000000
__Ltemp                      temp         000000
__Ltext                      text         000000
__Ltext0                     text0        000000
__Ltext1                     text1        000000
__Ltext2                     text2        000000
__Ltext3                     text3        000000
__Ltext4                     text4        000000
__Ltext6                     text6        000000
__Ltext7                     text7        000000
__S0                         (abs)        30000E
__S1                         (abs)        000047
___lwmod                     text6        00043E
___lwmod@counter             cstackCOMRAM 000029
___lwmod@dividend            cstackCOMRAM 000024
___lwmod@divisor             cstackCOMRAM 000026
__accesstop                  (abs)        000060
__activetblptr               (abs)        000000
__end_of_InitialiseGlobals   text2        0003CE
__end_of_InitialiseHardware  text1        0004DE
__end_of_OpenTimer2          text4        0004FC
__end_of___lwmod             text6        00049A
__end_of__initialization     cinit        000508
__end_of_debounce            text3        00043E
__end_of_isr                 intcode_body 0002FC
__end_of_main                text0        0001C4
__initialization             cinit        0004FC
__mediumconst                mediumconst  000000
__pbssCOMRAM                 bssCOMRAM    000001
__pcinit                     cinit        0004FC
__pcstackCOMRAM              cstackCOMRAM 000024
__pintcode                   intcode      000008
__pintcode_body              intcode_body 0001C4
__ptext0                     text0        00001C
__ptext1                     text1        00049A
__ptext2                     text2        0002FC
__ptext3                     text3        0003CE
__ptext4                     text4        0004DE
__ptext6                     text6        00043E
__ptext7                     text7        000000
__ramtop                     ramtop       000300
__size_of_InitialiseGlobals  (abs)        000000
__size_of_InitialiseHardware (abs)        000000
__size_of_OpenTimer2         (abs)        000000
__size_of___lwmod            (abs)        000000
__size_of_debounce           (abs)        000000
__size_of_isr                (abs)        000000
__size_of_main               (abs)        000000
__smallconst                 smallconst   000000
_blink                       bssCOMRAM    00001C
_debounce                    text3        0003CE
_isr                         intcode      000008
_main                        text0        00001C
_read                        bssCOMRAM    00001D
debounce@counter             cstackCOMRAM 00003C
debounce@state               cstackCOMRAM 00003A
debounce@test                cstackCOMRAM 000039
end_of_initialization        cinit        000508
int_func                     intcode_body 0001C4
intlevel0                    text         000000
intlevel1                    text         000000
intlevel2                    text         000000
intlevel3                    text         000000
main@i                       cstackCOMRAM 00003F
main@lightslatch             cstackCOMRAM 000045
main@temp                    cstackCOMRAM 000041
main@time                    cstackCOMRAM 000043
start                        init         000018
start_initialization         cinit        0004FC


FUNCTION INFORMATION:

 *************** function _main *****************
 Defined at:
		line 92 in file "GarageLightsMainV0.c"
 Parameters:    Size  Location     Type
		None
 Auto vars:     Size  Location     Type
  lightslatch     2   33[COMRAM] int 
  time            2   31[COMRAM] int 
  temp            2   29[COMRAM] int 
  i               2   27[COMRAM] int 
 Return value:  Size  Location     Type
		None               void
 Registers used:
		wreg, fsr0l, fsr0h, fsr1l, fsr1h, fsr2l, fsr2h, status,2, status,0, pclat, tosl, structret, tblptrl, tblptrh, tblptru, prodl, prodh, bsr, cstack
 Tracked objects:
		On entry : 
		On exit  : 
		Unchanged: 
 Data sizes:     COMRAM   BANK0   BANK1   BANK2
      Params:         0       0       0       0
      Locals:         8       0       0       0
      Temps:          1       0       0       0
      Totals:         9       0       0       0
Total ram usage:        9 bytes
 Hardware stack levels required when called:    4
 This function calls:
		_InitialiseHardware
		_InitialiseGlobals
		_debounce
 This function is called by:
		Startup code after reset
 This function uses a non-reentrant model


 *************** function _InitialiseHardware *****************
 Defined at:
		line 142 in file "GarageLightsMainV0.c"
 Parameters:    Size  Location     Type
		None
 Auto vars:     Size  Location     Type
		None
 Return value:  Size  Location     Type
		None               void
 Registers used:
		wreg, fsr0l, fsr0h, fsr1l, fsr1h, fsr2l, fsr2h, status,2, status,0, pclat, tosl, structret, tblptrl, tblptrh, tblptru, prodl, prodh, bsr, cstack
 Tracked objects:
		On entry : 
		On exit  : 
		Unchanged: 
 Data sizes:     COMRAM   BANK0   BANK1   BANK2
      Params:         0       0       0       0
      Locals:         0       0       0       0
      Temps:          1       0       0       0
      Totals:         1       0       0       0
Total ram usage:        1 bytes
 Hardware stack levels used:    1
 Hardware stack levels required when called:    3
 This function calls:
		_OpenTimer2
 This function is called by:
		_main
 This function uses a non-reentrant model


 *************** function _InitialiseGlobals *****************
 Defined at:
		line 212 in file "GarageLightsMainV0.c"
 Parameters:    Size  Location     Type
		None
 Auto vars:     Size  Location     Type
  i               2   23[COMRAM] int 
 Return value:  Size  Location     Type
		None               void
 Registers used:
		wreg, fsr2l, fsr2h, status,2, status,0
 Tracked objects:
		On entry : 
		On exit  : 
		Unchanged: 
 Data sizes:     COMRAM   BANK0   BANK1   BANK2
      Params:         0       0       0       0
      Locals:         2       0       0       0
      Temps:          2       0       0       0
      Totals:         4       0       0       0
Total ram usage:        4 bytes
 Hardware stack levels used:    1
 Hardware stack levels required when called:    2
 This function calls:
		Nothing
 This function is called by:
		_main
 This function uses a non-reentrant model


 *************** function _debounce *****************
 Defined at:
		line 236 in file "GarageLightsMainV0.c"
 Parameters:    Size  Location     Type
  test            1   21[COMRAM] unsigned char 
  state           2   22[COMRAM] PTR unsigned char 
		 -> BUTTON3_STATE(1), BUTTON2_STATE(1), BUTTON1_STATE(1), 
  counter         2   24[COMRAM] PTR unsigned char 
		 -> BUTTON3_COUNTER(1), BUTTON2_COUNTER(1), BUTTON1_COUNTER(1), 
 Auto vars:     Size  Location     Type
		None
 Return value:  Size  Location     Type
                  2   21[COMRAM] int 
 Registers used:
		wreg, fsr2l, fsr2h, status,2, status,0
 Tracked objects:
		On entry : 
		On exit  : 
		Unchanged: 
 Data sizes:     COMRAM   BANK0   BANK1   BANK2
      Params:         5       0       0       0
      Locals:         0       0       0       0
      Temps:          0       0       0       0
      Totals:         5       0       0       0
Total ram usage:        5 bytes
 Hardware stack levels used:    1
 Hardware stack levels required when called:    2
 This function calls:
		Nothing
 This function is called by:
		_main
 This function uses a non-reentrant model


 *************** function _OpenTimer2 *****************
 Defined at:
		line 18 in file "plib/Timers/t2open.c"
 Parameters:    Size  Location     Type
  config          1   21[COMRAM] unsigned char 
 Auto vars:     Size  Location     Type
		None
 Return value:  Size  Location     Type
		None               void
 Registers used:
		wreg, status,2, status,0
 Tracked objects:
		On entry : 
		On exit  : 
		Unchanged: 
 Data sizes:     COMRAM   BANK0   BANK1   BANK2
      Params:         1       0       0       0
      Locals:         0       0       0       0
      Temps:          0       0       0       0
      Totals:         1       0       0       0
Total ram usage:        1 bytes
 Hardware stack levels used:    1
 Hardware stack levels required when called:    2
 This function calls:
		Nothing
 This function is called by:
		_InitialiseHardware
 This function uses a non-reentrant model


 *************** function _isr *****************
 Defined at:
		line 66 in file "GarageLightsMainV0.c"
 Parameters:    Size  Location     Type
		None
 Auto vars:     Size  Location     Type
		None
 Return value:  Size  Location     Type
		None               void
 Registers used:
		wreg, fsr2l, fsr2h, status,2, status,0, prodl, prodh, cstack
 Tracked objects:
		On entry : 
		On exit  : 
		Unchanged: 
 Data sizes:     COMRAM   BANK0   BANK1   BANK2
      Params:         0       0       0       0
      Locals:         0       0       0       0
      Temps:         15       0       0       0
      Totals:        15       0       0       0
Total ram usage:       15 bytes
 Hardware stack levels used:    1
 Hardware stack levels required when called:    1
 This function calls:
		___lwmod
 This function is called by:
		Interrupt level 2
 This function uses a non-reentrant model


 *************** function ___lwmod *****************
 Defined at:
		line 10 in file "C:\Program Files (x86)\Microchip\xc8\v1.12\sources\lwmod.c"
 Parameters:    Size  Location     Type
  dividend        2    0[COMRAM] unsigned int 
  divisor         2    2[COMRAM] unsigned int 
 Auto vars:     Size  Location     Type
  counter         1    5[COMRAM] unsigned char 
 Return value:  Size  Location     Type
                  2    0[COMRAM] unsigned int 
 Registers used:
		wreg, status,2, status,0
 Tracked objects:
		On entry : 
		On exit  : 
		Unchanged: 
 Data sizes:     COMRAM   BANK0   BANK1   BANK2
      Params:         4       0       0       0
      Locals:         1       0       0       0
      Temps:          1       0       0       0
      Totals:         6       0       0       0
Total ram usage:        6 bytes
 Hardware stack levels used:    1
 This function calls:
		Nothing
 This function is called by:
		_isr
 This function uses a non-reentrant model



MODULE INFORMATION

Module		Function		Class		Link	Load	Size
plib/Timers/t2open.c
		_OpenTimer2    		CODE           	04DE	0000	30

plib/Timers/t2open.c estimated size: 30

shared
		__initializatio		CODE           	04FC	0000	12

shared estimated size: 12

GarageLightsMainV0.c
		_debounce      		CODE           	03CE	0000	112
		_main          		CODE           	001C	0000	424
		_isr           		CODE           	0008	0000	756
		_InitialiseGlob		CODE           	02FC	0000	210
		_InitialiseHard		CODE           	049A	0000	68

GarageLightsMainV0.c estimated size: 1570

C:\Program Files (x86)\Microchip\xc8\v1.12\sources\lwmod.c
		___lwmod       		CODE           	043E	0000	92

C:\Program Files (x86)\Microchip\xc8\v1.12\sources\lwmod.c estimated size: 92

